// Jest Snapshot v1, https://goo.gl/fbAQLP

exports[`Component: Snackbar should render correctly 1`] = `
{
  "current": {
    "onSnackBar": [Function],
  },
}
`;
