// Jest Snapshot v1, https://goo.gl/fbAQLP

exports[`Component: RemoveUser should render correctly 1`] = `
<div>
  <span
    hidden=""
    id="__chakra_env"
  />
</div>
`;
